[1/4] Loading mesh: /root/shared-nvme/SemanPartMesh/hunyuan_final_extract/42/patches/patch_016.obj
       V=319 F=513
[2/4] Loading cross field: /root/shared-nvme/SemanPartMesh/hunyuan_final_extract/42/patches/patch_016_crossfield.txt
       cross field rows=513
[3/4] Running MIQ parameterization (gradient_size=30, stiffness=5, iters=5)...
No vertices to fix, I am fixing the first vertex to the origin!

 INITIALIZED SPARSE MATRIX OF 708d x 708d 

 INITIALIZED SPARSE MATRIX OF 38d x 714d 

 INITIALIZED VECTOR OF 708d x 1 

 INITIALIZED VECTOR OF 38d x 1 
Initital dimension: 714 x 714, number of constraints: 38, number of integer variables: 6, use reordering: yes
make_constraints_independent took 0.000231 s.
Constraint integration took 0.00021799999999999999 s.
Constraint elimination took 0.00057400000000000007 s.
Reindexing took 2.0000000000000002e-05 s.
eliminate_constraints took 0.00088699999999999998 s.
Eliminated dimension: 676 x 676
#nonzeros: 4248
integer variables #: 6
continuous variables #: 670
initial full solution
CHOLMOD warning: not positive definite. file: ./CHOLMOD/Cholesky/t_cholmod_rowfac_worker.c line: 433
final full solution
CHOLMOD warning: not positive definite. file: ./CHOLMOD/Cholesky/t_cholmod_rowfac_worker.c line: 433
 *** Statistics of MiSo Solver ***
Number of LOCAL iterations  = 5
Number of CG    iterations  = 5
Number of FULL  iterations  = 2
Number of ROUNDING          = 6
solve_multiple_rounding took 0.0024510000000000001 s.
solve took 0.0025110000000000002 s.
restore_eliminated_vars took 0.00010499999999999999 s.
solve took 0.0039439999999999996 s.
ITERATION 0 FLIPS 0 
**** END OPTIMIZING #FLIPS 0  ****
       UV=354 FUV=513
MIQ UV contains NaN/Inf values.

 Closed: Thu Apr 02 00:26:59 2026


[Quad Extraction]
  binary       : /root/SemanPartMesh/quad_extract/build/extract_quad_mesh
  input mesh   : /root/shared-nvme/SemanPartMesh/hunyuan_final_extract/42/patches/patch_016.obj
  cross field  : /root/shared-nvme/SemanPartMesh/hunyuan_final_extract/42/patches/patch_016_crossfield.txt
  output       : /root/shared-nvme/SemanPartMesh/hunyuan_final_extract/42/patches/patch_016_quad.obj
  gradient_size: 30.0  timeout: 1200s

  FAILED: Command '['/root/SemanPartMesh/quad_extract/build/extract_quad_mesh', '/root/shared-nvme/SemanPartMesh/hunyuan_final_extract/42/patches/patch_016.obj', '/root/shared-nvme/SemanPartMesh/hunyuan_final_extract/42/patches/patch_016_crossfield.txt', '/root/shared-nvme/SemanPartMesh/hunyuan_final_extract/42/patches/patch_016_quad.obj', '30.0']' returned non-zero exit status 1.
FAILED for /root/shared-nvme/SemanPartMesh/hunyuan_final_extract/42/patches/patch_016.obj
