[1/4] Loading mesh: /root/shared-nvme/SemanPartMesh/hunyuan_final_extract/42/patches/patch_003.obj
       V=915 F=1400
[2/4] Loading cross field: /root/shared-nvme/SemanPartMesh/hunyuan_final_extract/42/patches/patch_003_crossfield.txt
       cross field rows=1400
[3/4] Running MIQ parameterization (gradient_size=30, stiffness=5, iters=5)...

 INITIALIZED SPARSE MATRIX OF 2046d x 2046d 

 INITIALIZED SPARSE MATRIX OF 164d x 2088d 

 INITIALIZED VECTOR OF 2046d x 1 

 INITIALIZED VECTOR OF 164d x 1 
Initital dimension: 2088 x 2088, number of constraints: 164, number of integer variables: 56, use reordering: yes
make_constraints_independent took 0.00081400000000000005 s.
Constraint integration took 0.00087699999999999996 s.
Constraint elimination took 0.0016659999999999999 s.
Reindexing took 5.1000000000000006e-05 s.
eliminate_constraints took 0.0026640000000000001 s.
Eliminated dimension: 1924 x 1924
#nonzeros: 12250
integer variables #: 36
continuous variables #: 1888
initial full solution
CHOLMOD warning: not positive definite. file: ./CHOLMOD/Cholesky/t_cholmod_rowfac_worker.c line: 433
final full solution
CHOLMOD warning: not positive definite. file: ./CHOLMOD/Cholesky/t_cholmod_rowfac_worker.c line: 433
 *** Statistics of MiSo Solver ***
Number of LOCAL iterations  = 21
Number of CG    iterations  = 21
Number of FULL  iterations  = 2
Number of ROUNDING          = 36
solve_multiple_rounding took 0.018158000000000001 s.
solve took 0.018216 s.
restore_eliminated_vars took 0.00024600000000000002 s.
solve took 0.022201000000000002 s.
Distortion will be NaN! sig1^2 is negative (-1.20893e+24)
Distortion will be NaN! sig1^2 is negative (-1.20893e+24)
Distortion will be NaN! sig1^2 is negative (-1.20893e+24)
Distortion will be NaN! sig1^2 is negative (-1.51116e+23)
Distortion will be NaN! sig1^2 is negative (-1.51116e+23)
Distortion will be NaN! sig1^2 is negative (-1.51116e+23)
Distortion will be NaN! sig1^2 is negative (-5.90296e+20)
Distortion will be NaN! sig1^2 is negative (-5.90296e+20)
Distortion will be NaN! sig1^2 is negative (-5.90296e+20)
Distortion will be NaN! sig1^2 is negative (-5.90296e+20)
Distortion will be NaN! sig1^2 is negative (-9.22337e+18)
Distortion will be NaN! sig1^2 is negative (-9.22337e+18)
Distortion will be NaN! sig1^2 is negative (-9.22337e+18)
Distortion will be NaN! sig1^2 is negative (-9.44473e+21)
Distortion will be NaN! sig1^2 is negative (-9.22337e+18)
Distortion will be NaN! sig1^2 is negative (-9.44473e+21)
Distortion will be NaN! sig1^2 is negative (-9.44473e+21)
Distortion will be NaN! sig1^2 is negative (-9.44473e+21)
Distortion will be NaN! sig1^2 is negative (-2.95148e+20)
Distortion will be NaN! sig1^2 is negative (-2.95148e+20)
Distortion will be NaN! sig1^2 is negative (-2.95148e+20)
Distortion will be NaN! sig1^2 is negative (-2.95148e+20)
Distortion will be NaN! sig1^2 is negative (-2.41785e+24)
Distortion will be NaN! sig1^2 is negative (-1.15292e+18)
Distortion will be NaN! sig1^2 is negative (-1.18059e+21)
Distortion will be NaN! sig1^2 is negative (-2.41785e+24)
Distortion will be NaN! sig1^2 is negative (-2.41785e+24)
Distortion will be NaN! sig1^2 is negative (-1.15292e+18)
Distortion will be NaN! sig1^2 is negative (-1.15292e+18)
Distortion will be NaN! sig1^2 is negative (-1.18059e+21)
Distortion will be NaN! sig1^2 is negative (-1.18059e+21)
Distortion will be NaN! sig1^2 is negative (-1.15292e+18)
Distortion will be NaN! sig1^2 is negative (-9.0072e+15)
Distortion will be NaN! sig1^2 is negative (-5.90296e+20)
Distortion will be NaN! sig1^2 is negative (-9.0072e+15)
Distortion will be NaN! sig1^2 is negative (-9.0072e+15)
Distortion will be NaN! sig1^2 is negative (-5.90296e+20)
Distortion will be NaN! sig1^2 is negative (-5.90296e+20)
Distortion will be NaN! sig1^2 is negative (-1.88895e+22)
Distortion will be NaN! sig1^2 is negative (-1.88895e+22)
Distortion will be NaN! sig1^2 is negative (-1.88895e+22)
Distortion will be NaN! sig1^2 is negative (-1.88895e+22)
Distortion will be NaN! sig1^2 is negative (-4.72237e+21)
Distortion will be NaN! sig1^2 is negative (-4.72237e+21)
Distortion will be NaN! sig1^2 is negative (-4.72237e+21)
Distortion will be NaN! sig1^2 is negative (-2.36118e+21)
Distortion will be NaN! sig1^2 is negative (-2.36118e+21)
Distortion will be NaN! sig1^2 is negative (-2.36118e+21)
Distortion will be NaN! sig1^2 is negative (-4.72237e+21)
Distortion will be NaN! sig1^2 is negative (-2.36118e+21)
Distortion will be NaN! sig1^2 is negative (-3.77789e+22)
Distortion will be NaN! sig1^2 is negative (-3.77789e+22)
Distortion will be NaN! sig1^2 is negative (-2.36118e+21)
Distortion will be NaN! sig1^2 is negative (-3.77789e+22)
Distortion will be NaN! sig1^2 is negative (-3.77789e+22)
Distortion will be NaN! sig1^2 is negative (-2.36118e+21)
Distortion will be NaN! sig1^2 is negative (-2.36118e+21)
Distortion will be NaN! sig1^2 is negative (-2.95148e+20)
Distortion will be NaN! sig1^2 is negative (-2.95148e+20)
Distortion will be NaN! sig1^2 is negative (-2.95148e+20)
Distortion will be NaN! sig1^2 is negative (-2.95148e+20)
Distortion will be NaN! sig1^2 is negative (-2.95148e+20)
Distortion will be NaN! sig1^2 is negative (-2.95148e+20)
Distortion will be NaN! sig1^2 is negative (-2.95148e+20)
Distortion will be NaN! sig1^2 is negative (-7.3787e+19)
Distortion will be NaN! sig1^2 is negative (-2.95148e+20)
Distortion will be NaN! sig1^2 is negative (-2.95148e+20)
Distortion will be NaN! sig1^2 is negative (-2.95148e+20)
Distortion will be NaN! sig1^2 is negative (-2.95148e+20)
Distortion will be NaN! sig1^2 is negative (-7.3787e+19)
Distortion will be NaN! sig1^2 is negative (-7.3787e+19)
Distortion will be NaN! sig1^2 is negative (-2.95148e+20)
Distortion will be NaN! sig1^2 is negative (-2.95148e+20)
Distortion will be NaN! sig1^2 is negative (-2.95148e+20)
Distortion will be NaN! sig1^2 is negative (-1.1259e+15)
Distortion will be NaN! sig1^2 is negative (-7.3787e+19)
Distortion will be NaN! sig1^2 is negative (-1.44115e+17)
Distortion will be NaN! sig1^2 is negative (-7.3787e+19)
Distortion will be NaN! sig1^2 is negative (-1.1259e+15)
Distortion will be NaN! sig1^2 is negative (-1.1259e+15)
Distortion will be NaN! sig1^2 is negative (-1.44115e+17)
Distortion will be NaN! sig1^2 is negative (-1.44115e+17)
Distortion will be NaN! sig1^2 is negative (-1.1259e+15)
Distortion will be NaN! sig1^2 is negative (-1.1259e+15)
Distortion will be NaN! sig1^2 is negative (-1.44115e+17)
Distortion will be NaN! sig1^2 is negative (-1.1259e+15)
Distortion will be NaN! sig1^2 is negative (-1.1259e+15)
Distortion will be NaN! sig1^2 is negative (-9.0072e+15)
Distortion will be NaN! sig1^2 is negative (-1.1259e+15)
Distortion will be NaN! sig1^2 is negative (-9.0072e+15)
Distortion will be NaN! sig1^2 is negative (-9.0072e+15)
Distortion will be NaN! sig1^2 is negative (-2.2518e+15)
Distortion will be NaN! sig1^2 is negative (-2.2518e+15)
Distortion will be NaN! sig1^2 is negative (-9.0072e+15)
Distortion will be NaN! sig1^2 is negative (-2.2518e+15)
Distortion will be NaN! sig1^2 is negative (-2.2518e+15)
Distortion will be NaN! sig1^2 is negative (-9.0072e+15)
Distortion will be NaN! sig1^2 is negative (-2.2518e+15)
Distortion will be NaN! sig1^2 is negative (-2.2518e+15)
Distortion will be NaN! sig1^2 is negative (-2.2518e+15)
Distortion will be NaN! sig1^2 is negative (-1.1259e+15)
Distortion will be NaN! sig1^2 is negative (-2.2518e+15)
Distortion will be NaN! sig1^2 is negative (-1.1259e+15)
Distortion will be NaN! sig1^2 is negative (-1.1259e+15)
Distortion will be NaN! sig1^2 is negative (-2.2518e+15)
Distortion will be NaN! sig1^2 is negative (-1.1259e+15)
Distortion will be NaN! sig1^2 is negative (-1.1259e+15)
Distortion will be NaN! sig1^2 is negative (-1.1259e+15)
Distortion will be NaN! sig1^2 is negative (-1.1259e+15)
Distortion will be NaN! sig1^2 is negative (-1.1259e+15)
Distortion will be NaN! sig1^2 is negative (-2.81475e+14)
Distortion will be NaN! sig1^2 is negative (-2.81475e+14)
Distortion will be NaN! sig1^2 is negative (-2.81475e+14)
Distortion will be NaN! sig1^2 is negative (-2.81475e+14)
Distortion will be NaN! sig1^2 is negative (-2.81475e+14)
Distortion will be NaN! sig1^2 is negative (-7.03687e+13)
Distortion will be NaN! sig1^2 is negative (-7.03687e+13)
Distortion will be NaN! sig1^2 is negative (-3.77789e+22)
Distortion will be NaN! sig1^2 is negative (-7.03687e+13)
Distortion will be NaN! sig1^2 is negative (-7.03687e+13)
Distortion will be NaN! sig1^2 is negative (-7.03687e+13)
Distortion will be NaN! sig1^2 is negative (-7.03687e+13)
Distortion will be NaN! sig1^2 is negative (-3.77789e+22)
Distortion will be NaN! sig1^2 is negative (-3.77789e+22)
Distortion will be NaN! sig1^2 is negative (-7.03687e+13)
Distortion will be NaN! sig1^2 is negative (-7.03687e+13)
Distortion will be NaN! sig1^2 is negative (-3.77789e+22)
Distortion will be NaN! sig1^2 is negative (-3.77789e+22)
Distortion will be NaN! sig1^2 is negative (-9.44473e+21)
Distortion will be NaN! sig1^2 is negative (-3.02231e+23)
Distortion will be NaN! sig1^2 is negative (-9.44473e+21)
Distortion will be NaN! sig1^2 is negative (-9.44473e+21)
Distortion will be NaN! sig1^2 is negative (-3.02231e+23)
Distortion will be NaN! sig1^2 is negative (-3.02231e+23)
Distortion will be NaN! sig1^2 is negative (-9.44473e+21)
Distortion will be NaN! sig1^2 is negative (-3.02231e+23)
Distortion will be NaN! sig1^2 is negative (-1.88895e+22)
Distortion will be NaN! sig1^2 is negative (-1.88895e+22)
Distortion will be NaN! sig1^2 is negative (-1.88895e+22)
Distortion will be NaN! sig1^2 is negative (-1.88895e+22)
Distortion will be NaN! sig1^2 is negative (-7.3787e+19)
Distortion will be NaN! sig1^2 is negative (-7.3787e+19)
Distortion will be NaN! sig1^2 is negative (-7.3787e+19)
Distortion will be NaN! sig1^2 is negative (-5.76461e+17)
Distortion will be NaN! sig1^2 is negative (-7.3787e+19)
Distortion will be NaN! sig1^2 is negative (-7.3787e+19)
Distortion will be NaN! sig1^2 is negative (-5.76461e+17)
Distortion will be NaN! sig1^2 is negative (-5.76461e+17)
Distortion will be NaN! sig1^2 is negative (-5.76461e+17)
Maximum Distorsion 71474501302539616256.0000 
Maximum Laplacian 118916039675481260032.0000 
ITERATION 0 FLIPS 708 

 INITIALIZED SPARSE MATRIX OF 2046d x 2046d 

 INITIALIZED SPARSE MATRIX OF 164d x 2088d 

 INITIALIZED VECTOR OF 2046d x 1 

 INITIALIZED VECTOR OF 164d x 1 
Initital dimension: 2088 x 2088, number of constraints: 164, number of integer variables: 56, use reordering: yes
make_constraints_independent took 0.00077700000000000002 s.
Constraint integration took 0.00093000000000000005 s.
Constraint elimination took 0.0015900000000000001 s.
Reindexing took 5.2000000000000004e-05 s.
eliminate_constraints took 0.0026360000000000003 s.
Eliminated dimension: 1924 x 1924
#nonzeros: 12250
integer variables #: 36
continuous variables #: 1888
initial full solution
CHOLMOD warning: not positive definite. file: ./CHOLMOD/Cholesky/t_cholmod_rowfac_worker.c line: 433
final full solution
CHOLMOD warning: not positive definite. file: ./CHOLMOD/Cholesky/t_cholmod_rowfac_worker.c line: 433
 *** Statistics of MiSo Solver ***
Number of LOCAL iterations  = 36
Number of CG    iterations  = 36
Number of FULL  iterations  = 2
Number of ROUNDING          = 36
solve_multiple_rounding took 0.028572 s.
solve took 0.028618999999999999 s.
restore_eliminated_vars took 0.000242 s.
solve took 0.032464 s.
ITERATION 1 FLIPS 0 
**** END OPTIMIZING #FLIPS 0  ****
       UV=1023 FUV=1400
MIQ UV contains NaN/Inf values.

 Closed: Thu Apr 02 00:26:49 2026


[Quad Extraction]
  binary       : /root/SemanPartMesh/quad_extract/build/extract_quad_mesh
  input mesh   : /root/shared-nvme/SemanPartMesh/hunyuan_final_extract/42/patches/patch_003.obj
  cross field  : /root/shared-nvme/SemanPartMesh/hunyuan_final_extract/42/patches/patch_003_crossfield.txt
  output       : /root/shared-nvme/SemanPartMesh/hunyuan_final_extract/42/patches/patch_003_quad.obj
  gradient_size: 30.0  timeout: 1200s

  FAILED: Command '['/root/SemanPartMesh/quad_extract/build/extract_quad_mesh', '/root/shared-nvme/SemanPartMesh/hunyuan_final_extract/42/patches/patch_003.obj', '/root/shared-nvme/SemanPartMesh/hunyuan_final_extract/42/patches/patch_003_crossfield.txt', '/root/shared-nvme/SemanPartMesh/hunyuan_final_extract/42/patches/patch_003_quad.obj', '30.0']' returned non-zero exit status 1.
FAILED for /root/shared-nvme/SemanPartMesh/hunyuan_final_extract/42/patches/patch_003.obj
