[1/4] Loading mesh: /root/shared-nvme/SemanPartMesh/hunyuan_final_extract/42/patches/patch_018.obj
       V=323 F=486
[2/4] Loading cross field: /root/shared-nvme/SemanPartMesh/hunyuan_final_extract/42/patches/patch_018_crossfield.txt
       cross field rows=486
[3/4] Running MIQ parameterization (gradient_size=30, stiffness=5, iters=5)...

 INITIALIZED SPARSE MATRIX OF 690d x 690d 

 INITIALIZED SPARSE MATRIX OF 30d x 702d 

 INITIALIZED VECTOR OF 690d x 1 

 INITIALIZED VECTOR OF 30d x 1 
Initital dimension: 702 x 702, number of constraints: 30, number of integer variables: 14, use reordering: yes
make_constraints_independent took 0.00025500000000000002 s.
Constraint integration took 0.00014100000000000001 s.
Constraint elimination took 0.00055900000000000004 s.
Reindexing took 2.5000000000000001e-05 s.
eliminate_constraints took 0.000803 s.
Eliminated dimension: 672 x 672
#nonzeros: 4004
integer variables #: 8
continuous variables #: 664
initial full solution
final full solution
 *** Statistics of MiSo Solver ***
Number of LOCAL iterations  = 3
Number of CG    iterations  = 3
Number of FULL  iterations  = 5
Number of ROUNDING          = 8
solve_multiple_rounding took 0.025557000000000003 s.
solve took 0.025617000000000001 s.
restore_eliminated_vars took 9.5000000000000005e-05 s.
solve took 0.027038 s.
ITERATION 0 FLIPS 0 
**** END OPTIMIZING #FLIPS 0  ****
       UV=345 FUV=486
[4/4] Extracting quad mesh with libQEx...
PolyMeshT::add_face: complex vertex
ERROR: non-identity transition function cannot have a different rotation than 1,2,3: 0, -1, -3
ERROR in Mesh Extraction: input triangle mesh has non-manifold vertex which is adjacent to more than one boundary!
ERROR: non-identity transition function cannot have a different rotation than 1,2,3: 0, 1, 1
ERROR in Mesh Extraction: input triangle mesh has non-manifold vertex which is adjacent to more than one boundary!
ERROR in Mesh Extraction: input triangle mesh has non-manifold vertex which is adjacent to more than one boundary!
ERROR in Mesh Extraction: input triangle mesh has non-manifold vertex which is adjacent to more than one boundary!
ERROR in Mesh Extraction: input triangle mesh has non-manifold vertex which is adjacent to more than one boundary!
ERROR in Mesh Extraction: input triangle mesh has non-manifold vertex which is adjacent to more than one boundary!
ERROR in Mesh Extraction: input triangle mesh has non-manifold vertex which is adjacent to more than one boundary!
ERROR in Mesh Extraction: input triangle mesh has non-manifold vertex which is adjacent to more than one boundary!
ERROR: non-identity transition function cannot have a different rotation than 1,2,3: 0, 0, -2
ERROR: non-identity transition function cannot have a different rotation than 1,2,3: 0, 2, -1
ERROR: non-identity transition function cannot have a different rotation than 1,2,3: 0, 0, 2
ERROR: non-identity transition function cannot have a different rotation than 1,2,3: 0, 1, -1
ERROR: non-identity transition function cannot have a different rotation than 1,2,3: 0, -2, -1
ERROR in Mesh Extraction: input triangle mesh has non-manifold vertex which is adjacent to more than one boundary!
[41mWarning: When tracing from GV 5, LEI 1 I hit GV 5, LEI 1.
  However, this GV is already connected to GV 5, LEI 1[0m
[1;41mWarning: find_path didn't find the point where the path leaves a triangle in step 3.
*********** DEBUG OUTPUT START ***********[0m
triangle-path intersection: 0
Segment 1: Segment_2(Point_2(5.62089, 2.9728), Point_2(4.62495, 2.95664)),
Segment 2: Segment_2(Point_2(6, 2), Point_2(4.62495, 2.95664)),
Path: Segment_2(Point_2(6, 4), Point_2(5, 4))
Here's Tikz output for you so you can debug it more easily. You're welcome.
\draw[black,->,>=latex] (5.62089, 2.9728) -- (4.62495, 2.95664);
\draw[black,->,>=latex] (6, 2) -- (4.62495, 2.95664);
\draw[black,->,>=latex] (6, 4) -- (5, 4);
Debug info:
vis{0,1,2} = 0, 0, 0
is1, is2 = 0, 0
uv{0,1,2} = Point_2(5.62089, 2.9728), Point_2(4.62495, 2.95664), Point_2(6, 2)
path = Point_2(6, 4) -> Point_2(5, 4)
orient2d(uv0, uv2, path[0]) = 1
orient2d(uv0, uv2, path[1]) = -1
tri_ori = 1
[1;41m*********** DEBUG OUTPUT END ***********[0m
[1;41mWarning: find_path didn't find the point where the path leaves a triangle in step 3.
*********** DEBUG OUTPUT START ***********[0m
triangle-path intersection: 0
Segment 1: Segment_2(Point_2(4.5, -0.5), Point_2(5, -1)),
Segment 2: Segment_2(Point_2(5.95664, 0.37505), Point_2(5, -1)),
Path: Segment_2(Point_2(4, 0), Point_2(5, 0))
Here's Tikz output for you so you can debug it more easily. You're welcome.
\draw[black,->,>=latex] (4.5, -0.5) -- (5, -1);
\draw[black,->,>=latex] (5.95664, 0.37505) -- (5, -1);
\draw[black,->,>=latex] (4, 0) -- (5, 0);
Debug info:
vis{0,1,2} = 0, 0, 0
is1, is2 = 0, 0
uv{0,1,2} = Point_2(4.5, -0.5), Point_2(5, -1), Point_2(5.95664, 0.37505)
path = Point_2(4, 0) -> Point_2(5, 0)
orient2d(uv0, uv2, path[0]) = 1
orient2d(uv0, uv2, path[1]) = 1
tri_ori = 1
[1;41m*********** DEBUG OUTPUT END ***********[0m
[41mWarning: When tracing from GV 17, LEI 0 I hit GV 14, LEI 2.
  However, this GV is already connected to GV 177, LEI 3[0m
[41mWarning: When tracing from GV 17, LEI 1 I hit GV 14, LEI 1.
  However, this GV is already connected to GV 177, LEI 0[0m
[1;41mWarning: find_path didn't find the point where the path leaves a triangle in step 0.
*********** DEBUG OUTPUT START ***********[0m
triangle-path intersection: 0
Segment 1: Segment_2(Point_2(4.5, -0.5), Point_2(3.5, 1.5)),
Segment 2: Segment_2(Point_2(3.88544, 0.37558), Point_2(3.5, 1.5)),
Path: Segment_2(Point_2(4, 1), Point_2(4, 2))
Here's Tikz output for you so you can debug it more easily. You're welcome.
\draw[black,->,>=latex] (4.5, -0.5) -- (3.5, 1.5);
\draw[black,->,>=latex] (3.88544, 0.37558) -- (3.5, 1.5);
\draw[black,->,>=latex] (4, 1) -- (4, 2);
Debug info:
vis{0,1,2} = 0, 0, 0
is1, is2 = 0, 0
uv{0,1,2} = Point_2(4.5, -0.5), Point_2(3.5, 1.5), Point_2(3.88544, 0.37558)
path = Point_2(4, 1) -> Point_2(4, 2)
orient2d(uv0, uv2, path[0]) = -1
orient2d(uv0, uv2, path[1]) = -1
tri_ori = 1
[1;41m*********** DEBUG OUTPUT END ***********[0m
[1;41mWarning: find_path didn't find the point where the path leaves a triangle in step 2.
*********** DEBUG OUTPUT START ***********[0m
triangle-path intersection: 0
Segment 1: Segment_2(Point_2(1.36557, -2.29954), Point_2(2, -3)),
Segment 2: Segment_2(Point_2(3.5, -1.5), Point_2(2, -3)),
Path: Segment_2(Point_2(0, -5), Point_2(1, -5))
Here's Tikz output for you so you can debug it more easily. You're welcome.
\draw[black,->,>=latex] (1.36557, -2.29954) -- (2, -3);
\draw[black,->,>=latex] (3.5, -1.5) -- (2, -3);
\draw[black,->,>=latex] (0, -5) -- (1, -5);
Debug info:
vis{0,1,2} = 0, 0, 0
is1, is2 = 0, 0
uv{0,1,2} = Point_2(1.36557, -2.29954), Point_2(2, -3), Point_2(3.5, -1.5)
path = Point_2(0, -5) -> Point_2(1, -5)
orient2d(uv0, uv2, path[0]) = -1
orient2d(uv0, uv2, path[1]) = -1
tri_ori = 1
[1;41m*********** DEBUG OUTPUT END ***********[0m
[1;41mWarning: find_path didn't find the point where the path leaves a triangle in step 1.
*********** DEBUG OUTPUT START ***********[0m
triangle-path intersection: 0
Segment 1: Segment_2(Point_2(-3.33453, 0.02222), Point_2(-1.00719, 0.654421)),
Segment 2: Segment_2(Point_2(-0.738229, -0.886071), Point_2(-1.00719, 0.654421)),
Path: Segment_2(Point_2(0, 0), Point_2(0, 1))
Here's Tikz output for you so you can debug it more easily. You're welcome.
\draw[black,->,>=latex] (-3.33453, 0.02222) -- (-1.00719, 0.654421);
\draw[black,->,>=latex] (-0.738229, -0.886071) -- (-1.00719, 0.654421);
\draw[black,->,>=latex] (0, 0) -- (0, 1);
Debug info:
vis{0,1,2} = 0, 0, 0
is1, is2 = 0, 0
uv{0,1,2} = Point_2(-3.33453, 0.02222), Point_2(-1.00719, 0.654421), Point_2(-0.738229, -0.886071)
path = Point_2(0, 0) -> Point_2(0, 1)
orient2d(uv0, uv2, path[0]) = 1
orient2d(uv0, uv2, path[1]) = 1
tri_ori = -1
[1;41m*********** DEBUG OUTPUT END ***********[0m
[1;41mWarning: find_path didn't find the point where the path leaves a triangle in step 0.
*********** DEBUG OUTPUT START ***********[0m
triangle-path intersection: 0
Segment 1: Segment_2(Point_2(-1.26177, 1.88607), Point_2(0.5, 0.5)),
Segment 2: Segment_2(Point_2(2.33453, 1.97778), Point_2(0.5, 0.5)),
Path: Segment_2(Point_2(2, 3), Point_2(2, 2))
Here's Tikz output for you so you can debug it more easily. You're welcome.
\draw[black,->,>=latex] (-1.26177, 1.88607) -- (0.5, 0.5);
\draw[black,->,>=latex] (2.33453, 1.97778) -- (0.5, 0.5);
\draw[black,->,>=latex] (2, 3) -- (2, 2);
Debug info:
vis{0,1,2} = 0, 0, 0
is1, is2 = 0, 0
uv{0,1,2} = Point_2(-1.26177, 1.88607), Point_2(0.5, 0.5), Point_2(2.33453, 1.97778)
path = Point_2(2, 3) -> Point_2(2, 2)
orient2d(uv0, uv2, path[0]) = 1
orient2d(uv0, uv2, path[1]) = 1
tri_ori = 1
[1;41m*********** DEBUG OUTPUT END ***********[0m
[1;41mWarning: find_path didn't find the point where the path leaves a triangle in step 0.
*********** DEBUG OUTPUT START ***********[0m
triangle-path intersection: 0
Segment 1: Segment_2(Point_2(-1.26177, 1.88607), Point_2(0.5, 0.5)),
Segment 2: Segment_2(Point_2(2.33453, 1.97778), Point_2(0.5, 0.5)),
Path: Segment_2(Point_2(3, 2), Point_2(2, 2))
Here's Tikz output for you so you can debug it more easily. You're welcome.
\draw[black,->,>=latex] (-1.26177, 1.88607) -- (0.5, 0.5);
\draw[black,->,>=latex] (2.33453, 1.97778) -- (0.5, 0.5);
\draw[black,->,>=latex] (3, 2) -- (2, 2);
Debug info:
vis{0,1,2} = 0, 0, 0
is1, is2 = 0, 0
uv{0,1,2} = Point_2(-1.26177, 1.88607), Point_2(0.5, 0.5), Point_2(2.33453, 1.97778)
path = Point_2(3, 2) -> Point_2(2, 2)
orient2d(uv0, uv2, path[0]) = 1
orient2d(uv0, uv2, path[1]) = 1
tri_ori = 1
[1;41m*********** DEBUG OUTPUT END ***********[0m
[1;41mWarning: find_path didn't find the point where the path leaves a triangle in step 0.
*********** DEBUG OUTPUT START ***********[0m
triangle-path intersection: 0
Segment 1: Segment_2(Point_2(-1.26177, 1.88607), Point_2(0.5, 0.5)),
Segment 2: Segment_2(Point_2(2.33453, 1.97778), Point_2(0.5, 0.5)),
Path: Segment_2(Point_2(1, 3), Point_2(1, 2))
Here's Tikz output for you so you can debug it more easily. You're welcome.
\draw[black,->,>=latex] (-1.26177, 1.88607) -- (0.5, 0.5);
\draw[black,->,>=latex] (2.33453, 1.97778) -- (0.5, 0.5);
\draw[black,->,>=latex] (1, 3) -- (1, 2);
Debug info:
vis{0,1,2} = 0, 0, 0
is1, is2 = 0, 0
uv{0,1,2} = Point_2(-1.26177, 1.88607), Point_2(0.5, 0.5), Point_2(2.33453, 1.97778)
path = Point_2(1, 3) -> Point_2(1, 2)
orient2d(uv0, uv2, path[0]) = 1
orient2d(uv0, uv2, path[1]) = 1
tri_ori = 1
[1;41m*********** DEBUG OUTPUT END ***********[0m
[41mWarning: When tracing from GV 154, LEI 2 I hit GV 156, LEI 0.
  However, this GV is already connected to GV 151, LEI 1[0m
[1;41mWarning: find_path didn't find the point where the path leaves a triangle in step 0.
*********** DEBUG OUTPUT START ***********[0m
triangle-path intersection: 0
Segment 1: Segment_2(Point_2(-1.26177, 1.88607), Point_2(0.5, 0.5)),
Segment 2: Segment_2(Point_2(2.33453, 1.97778), Point_2(0.5, 0.5)),
Path: Segment_2(Point_2(0, 3), Point_2(0, 2))
Here's Tikz output for you so you can debug it more easily. You're welcome.
\draw[black,->,>=latex] (-1.26177, 1.88607) -- (0.5, 0.5);
\draw[black,->,>=latex] (2.33453, 1.97778) -- (0.5, 0.5);
\draw[black,->,>=latex] (0, 3) -- (0, 2);
Debug info:
vis{0,1,2} = 0, 0, 0
is1, is2 = 0, 0
uv{0,1,2} = Point_2(-1.26177, 1.88607), Point_2(0.5, 0.5), Point_2(2.33453, 1.97778)
path = Point_2(0, 3) -> Point_2(0, 2)
orient2d(uv0, uv2, path[0]) = 1
orient2d(uv0, uv2, path[1]) = 1
tri_ori = 1
[1;41m*********** DEBUG OUTPUT END ***********[0m
[41mWarning: When tracing from GV 155, LEI 2 I hit GV 152, LEI 3.
  However, this GV is already connected to GV 150, LEI 1[0m
[1;41mWarning: find_path didn't find the point where the path leaves a triangle in step 0.
*********** DEBUG OUTPUT START ***********[0m
triangle-path intersection: 0
Segment 1: Segment_2(Point_2(1.36557, -2.29954), Point_2(2, -3)),
Segment 2: Segment_2(Point_2(3.5, -1.5), Point_2(2, -3)),
Path: Segment_2(Point_2(1, -4), Point_2(2, -4))
Here's Tikz output for you so you can debug it more easily. You're welcome.
\draw[black,->,>=latex] (1.36557, -2.29954) -- (2, -3);
\draw[black,->,>=latex] (3.5, -1.5) -- (2, -3);
\draw[black,->,>=latex] (1, -4) -- (2, -4);
Debug info:
vis{0,1,2} = 0, 0, 0
is1, is2 = 0, 0
uv{0,1,2} = Point_2(1.36557, -2.29954), Point_2(2, -3), Point_2(3.5, -1.5)
path = Point_2(1, -4) -> Point_2(2, -4)
orient2d(uv0, uv2, path[0]) = -1
orient2d(uv0, uv2, path[1]) = -1
tri_ori = 1
[1;41m*********** DEBUG OUTPUT END ***********[0m
[1;41mWarning: find_path didn't find the point where the path leaves a triangle in step 0.
*********** DEBUG OUTPUT START ***********[0m
triangle-path intersection: 0
Segment 1: Segment_2(Point_2(1.36557, -2.29954), Point_2(2, -3)),
Segment 2: Segment_2(Point_2(3.5, -1.5), Point_2(2, -3)),
Path: Segment_2(Point_2(1, -4), Point_2(1, -5))
Here's Tikz output for you so you can debug it more easily. You're welcome.
\draw[black,->,>=latex] (1.36557, -2.29954) -- (2, -3);
\draw[black,->,>=latex] (3.5, -1.5) -- (2, -3);
\draw[black,->,>=latex] (1, -4) -- (1, -5);
Debug info:
vis{0,1,2} = 0, 0, 0
is1, is2 = 0, 0
uv{0,1,2} = Point_2(1.36557, -2.29954), Point_2(2, -3), Point_2(3.5, -1.5)
path = Point_2(1, -4) -> Point_2(1, -5)
orient2d(uv0, uv2, path[0]) = -1
orient2d(uv0, uv2, path[1]) = -1
tri_ori = 1
[1;41m*********** DEBUG OUTPUT END ***********[0m
[1;41mWarning: find_path didn't find the point where the path leaves a triangle in step 1.
*********** DEBUG OUTPUT START ***********[0m
triangle-path intersection: 0
Segment 1: Segment_2(Point_2(4.77179, 3.45559), Point_2(4.51142, 2.35676)),
Segment 2: Segment_2(Point_2(4.95664, 2.37505), Point_2(4.51142, 2.35676)),
Path: Segment_2(Point_2(5, 4), Point_2(4, 4))
Here's Tikz output for you so you can debug it more easily. You're welcome.
\draw[black,->,>=latex] (4.77179, 3.45559) -- (4.51142, 2.35676);
\draw[black,->,>=latex] (4.95664, 2.37505) -- (4.51142, 2.35676);
\draw[black,->,>=latex] (5, 4) -- (4, 4);
Debug info:
vis{0,1,2} = 0, 0, 0
is1, is2 = 0, 0
uv{0,1,2} = Point_2(4.77179, 3.45559), Point_2(4.51142, 2.35676), Point_2(4.95664, 2.37505)
path = Point_2(5, 4) -> Point_2(4, 4)
orient2d(uv0, uv2, path[0]) = 1
orient2d(uv0, uv2, path[1]) = -1
tri_ori = 1
[1;41m*********** DEBUG OUTPUT END ***********[0m
[1;41mWarning: find_path didn't find the point where the path leaves a triangle in step 3.
*********** DEBUG OUTPUT START ***********[0m
triangle-path intersection: 0
Segment 1: Segment_2(Point_2(4.95664, 2.37505), Point_2(4.51142, 2.35676)),
Segment 2: Segment_2(Point_2(4.5, 1.5), Point_2(4.51142, 2.35676)),
Path: Segment_2(Point_2(6, 2), Point_2(5, 2))
Here's Tikz output for you so you can debug it more easily. You're welcome.
\draw[black,->,>=latex] (4.95664, 2.37505) -- (4.51142, 2.35676);
\draw[black,->,>=latex] (4.5, 1.5) -- (4.51142, 2.35676);
\draw[black,->,>=latex] (6, 2) -- (5, 2);
Debug info:
vis{0,1,2} = 0, 0, 0
is1, is2 = 0, 0
uv{0,1,2} = Point_2(4.95664, 2.37505), Point_2(4.51142, 2.35676), Point_2(4.5, 1.5)
path = Point_2(6, 2) -> Point_2(5, 2)
orient2d(uv0, uv2, path[0]) = 1
orient2d(uv0, uv2, path[1]) = 1
tri_ori = 1
[1;41m*********** DEBUG OUTPUT END ***********[0m
[1;41mWarning: find_path didn't find the point where the path leaves a triangle in step 2.
*********** DEBUG OUTPUT START ***********[0m
triangle-path intersection: 0
Segment 1: Segment_2(Point_2(3.67491, 3.09092), Point_2(3.61088, 2.51052)),
Segment 2: Segment_2(Point_2(4.42871, 1.40861), Point_2(3.61088, 2.51052)),
Path: Segment_2(Point_2(2, 3), Point_2(2, 2))
Here's Tikz output for you so you can debug it more easily. You're welcome.
\draw[black,->,>=latex] (3.67491, 3.09092) -- (3.61088, 2.51052);
\draw[black,->,>=latex] (4.42871, 1.40861) -- (3.61088, 2.51052);
\draw[black,->,>=latex] (2, 3) -- (2, 2);
Debug info:
vis{0,1,2} = 0, 0, 0
is1, is2 = 0, 0
uv{0,1,2} = Point_2(3.67491, 3.09092), Point_2(3.61088, 2.51052), Point_2(4.42871, 1.40861)
path = Point_2(2, 3) -> Point_2(2, 2)
orient2d(uv0, uv2, path[0]) = -1
orient2d(uv0, uv2, path[1]) = -1
tri_ori = 1
[1;41m*********** DEBUG OUTPUT END ***********[0m
[1;41mWarning: find_path didn't find the point where the path leaves a triangle in step 0.
*********** DEBUG OUTPUT START ***********[0m
triangle-path intersection: 0
Segment 1: Segment_2(Point_2(7.64324, 2.51142), Point_2(6, 1.5)),
Segment 2: Segment_2(Point_2(6.67491, 1.09092), Point_2(6, 1.5)),
Path: Segment_2(Point_2(8, 2), Point_2(8, 3))
Here's Tikz output for you so you can debug it more easily. You're welcome.
\draw[black,->,>=latex] (7.64324, 2.51142) -- (6, 1.5);
\draw[black,->,>=latex] (6.67491, 1.09092) -- (6, 1.5);
\draw[black,->,>=latex] (8, 2) -- (8, 3);
Debug info:
vis{0,1,2} = 0, 0, 0
is1, is2 = 0, 0
uv{0,1,2} = Point_2(7.64324, 2.51142), Point_2(6, 1.5), Point_2(6.67491, 1.09092)
path = Point_2(8, 2) -> Point_2(8, 3)
orient2d(uv0, uv2, path[0]) = 1
orient2d(uv0, uv2, path[1]) = 1
tri_ori = 1
[1;41m*********** DEBUG OUTPUT END ***********[0m
[41mWarning: When tracing from GV 176, LEI 3 I hit GV 176, LEI 3.
  However, this GV is already connected to GV 176, LEI 3[0m
[41mWarning: When tracing from GV 177, LEI 2 I hit GV 208, LEI 4.
  However, this GV is already connected to GV 17, LEI 3[0m
[1;41mWarning: find_path didn't find the point where the path leaves a triangle in step 0.
*********** DEBUG OUTPUT START ***********[0m
triangle-path intersection: 0
Segment 1: Segment_2(Point_2(3.67491, 3.09092), Point_2(3.61088, 2.51052)),
Segment 2: Segment_2(Point_2(4.42871, 1.40861), Point_2(3.61088, 2.51052)),
Path: Segment_2(Point_2(3, 2), Point_2(2, 2))
Here's Tikz output for you so you can debug it more easily. You're welcome.
\draw[black,->,>=latex] (3.67491, 3.09092) -- (3.61088, 2.51052);
\draw[black,->,>=latex] (4.42871, 1.40861) -- (3.61088, 2.51052);
\draw[black,->,>=latex] (3, 2) -- (2, 2);
Debug info:
vis{0,1,2} = 0, 0, 0
is1, is2 = 0, 0
uv{0,1,2} = Point_2(3.67491, 3.09092), Point_2(3.61088, 2.51052), Point_2(4.42871, 1.40861)
path = Point_2(3, 2) -> Point_2(2, 2)
orient2d(uv0, uv2, path[0]) = -1
orient2d(uv0, uv2, path[1]) = -1
tri_ori = 1
[1;41m*********** DEBUG OUTPUT END ***********[0m
[1;41mWarning: find_path didn't find the point where the path leaves a triangle in step 0.
*********** DEBUG OUTPUT START ***********[0m
triangle-path intersection: 0
Segment 1: Segment_2(Point_2(3.67491, 3.09092), Point_2(3.61088, 2.51052)),
Segment 2: Segment_2(Point_2(4.42871, 1.40861), Point_2(3.61088, 2.51052)),
Path: Segment_2(Point_2(3, 2), Point_2(3, 1))
Here's Tikz output for you so you can debug it more easily. You're welcome.
\draw[black,->,>=latex] (3.67491, 3.09092) -- (3.61088, 2.51052);
\draw[black,->,>=latex] (4.42871, 1.40861) -- (3.61088, 2.51052);
\draw[black,->,>=latex] (3, 2) -- (3, 1);
Debug info:
vis{0,1,2} = 0, 0, 0
is1, is2 = 0, 0
uv{0,1,2} = Point_2(3.67491, 3.09092), Point_2(3.61088, 2.51052), Point_2(4.42871, 1.40861)
path = Point_2(3, 2) -> Point_2(3, 1)
orient2d(uv0, uv2, path[0]) = -1
orient2d(uv0, uv2, path[1]) = -1
tri_ori = 1
[1;41m*********** DEBUG OUTPUT END ***********[0m
[1;41mWarning: find_path didn't find the point where the path leaves a triangle in step 3.
*********** DEBUG OUTPUT START ***********[0m
triangle-path intersection: 0
Segment 1: Segment_2(Point_2(10.532, -6.02437), Point_2(6.5, -4.5)),
Segment 2: Segment_2(Point_2(6.87341, -5.46277), Point_2(6.5, -4.5)),
Path: Segment_2(Point_2(9, -7), Point_2(9, -6))
Here's Tikz output for you so you can debug it more easily. You're welcome.
\draw[black,->,>=latex] (10.532, -6.02437) -- (6.5, -4.5);
\draw[black,->,>=latex] (6.87341, -5.46277) -- (6.5, -4.5);
\draw[black,->,>=latex] (9, -7) -- (9, -6);
Debug info:
vis{0,1,2} = 0, 0, 0
is1, is2 = 0, 0
uv{0,1,2} = Point_2(10.532, -6.02437), Point_2(6.5, -4.5), Point_2(6.87341, -5.46277)
path = Point_2(9, -7) -> Point_2(9, -6)
orient2d(uv0, uv2, path[0]) = 1
orient2d(uv0, uv2, path[1]) = 1
tri_ori = 1
[1;41m*********** DEBUG OUTPUT END ***********[0m
[41mWarning: When tracing from GV 183, LEI 3 I hit GV 202, LEI 1.
  However, this GV is already connected to GV 182, LEI 2[0m
[1;41mWarning: find_path didn't find the point where the path leaves a triangle in step 0.
*********** DEBUG OUTPUT START ***********[0m
triangle-path intersection: 0
Segment 1: Segment_2(Point_2(10.532, -6.02437), Point_2(6.5, -4.5)),
Segment 2: Segment_2(Point_2(6.87341, -5.46277), Point_2(6.5, -4.5)),
Path: Segment_2(Point_2(10, -7), Point_2(10, -6))
Here's Tikz output for you so you can debug it more easily. You're welcome.
\draw[black,->,>=latex] (10.532, -6.02437) -- (6.5, -4.5);
\draw[black,->,>=latex] (6.87341, -5.46277) -- (6.5, -4.5);
\draw[black,->,>=latex] (10, -7) -- (10, -6);
Debug info:
vis{0,1,2} = 0, 0, 0
is1, is2 = 0, 0
uv{0,1,2} = Point_2(10.532, -6.02437), Point_2(6.5, -4.5), Point_2(6.87341, -5.46277)
path = Point_2(10, -7) -> Point_2(10, -6)
orient2d(uv0, uv2, path[0]) = 1
orient2d(uv0, uv2, path[1]) = 1
tri_ori = 1
[1;41m*********** DEBUG OUTPUT END ***********[0m
[1;41mWarning: find_path didn't find the point where the path leaves a triangle in step 0.
*********** DEBUG OUTPUT START ***********[0m
triangle-path intersection: 0
Segment 1: Segment_2(Point_2(10.1266, -5.53723), Point_2(8.87341, -6.46277)),
Segment 2: Segment_2(Point_2(8.46797, -5.97563), Point_2(8.87341, -6.46277)),
Path: Segment_2(Point_2(12, -6), Point_2(12, -7))
Here's Tikz output for you so you can debug it more easily. You're welcome.
\draw[black,->,>=latex] (10.1266, -5.53723) -- (8.87341, -6.46277);
\draw[black,->,>=latex] (8.46797, -5.97563) -- (8.87341, -6.46277);
\draw[black,->,>=latex] (12, -6) -- (12, -7);
Debug info:
vis{0,1,2} = 0, 0, 0
is1, is2 = 0, 0
uv{0,1,2} = Point_2(10.1266, -5.53723), Point_2(8.87341, -6.46277), Point_2(8.46797, -5.97563)
path = Point_2(12, -6) -> Point_2(12, -7)
orient2d(uv0, uv2, path[0]) = 1
orient2d(uv0, uv2, path[1]) = 1
tri_ori = -1
[1;41m*********** DEBUG OUTPUT END ***********[0m
[1;41mWarning: find_path didn't find the point where the path leaves a triangle in step 1.
*********** DEBUG OUTPUT START ***********[0m
triangle-path intersection: 0
Segment 1: Segment_2(Point_2(10.1266, -5.53723), Point_2(8.87341, -6.46277)),
Segment 2: Segment_2(Point_2(8.46797, -5.97563), Point_2(8.87341, -6.46277)),
Path: Segment_2(Point_2(11, -6), Point_2(11, -7))
Here's Tikz output for you so you can debug it more easily. You're welcome.
\draw[black,->,>=latex] (10.1266, -5.53723) -- (8.87341, -6.46277);
\draw[black,->,>=latex] (8.46797, -5.97563) -- (8.87341, -6.46277);
\draw[black,->,>=latex] (11, -6) -- (11, -7);
Debug info:
vis{0,1,2} = 0, 0, 0
is1, is2 = 0, 0
uv{0,1,2} = Point_2(10.1266, -5.53723), Point_2(8.87341, -6.46277), Point_2(8.46797, -5.97563)
path = Point_2(11, -6) -> Point_2(11, -7)
orient2d(uv0, uv2, path[0]) = 1
orient2d(uv0, uv2, path[1]) = 1
tri_ori = -1
[1;41m*********** DEBUG OUTPUT END ***********[0m
[41mWarning: When tracing from GV 200, LEI 0 I hit GV 205, LEI 4.
  However, this GV is already connected to GV 162, LEI 3[0m
[41mWarning: When tracing from GV 200, LEI 2 I hit GV 167, LEI 3.
  However, this GV is already connected to GV 162, LEI 1[0m
[41mWarning: When tracing from GV 200, LEI 3 I hit GV 161, LEI 0.
  However, this GV is already connected to GV 162, LEI 2[0m
[41mWarning: When tracing from GV 202, LEI 2 I hit GV 182, LEI 2.
  However, this GV is already connected to GV 202, LEI 1[0m
[41mWarning: When tracing from GV 202, LEI 3 I hit GV 197, LEI 3.
  However, this GV is already connected to GV 202, LEI 0[0m
[41mWarning: When tracing from GV 204, LEI 2 I hit GV 205, LEI 0.
  However, this GV is already connected to GV 160, LEI 0[0m
[41mWarning: When tracing from GV 204, LEI 3 I hit GV 161, LEI 3.
  However, this GV is already connected to GV 160, LEI 1[0m
[1;41mWarning: find_path didn't find the point where the path leaves a triangle in step 0.
*********** DEBUG OUTPUT START ***********[0m
triangle-path intersection: 0
Segment 1: Segment_2(Point_2(5.62089, 2.9728), Point_2(4.62495, 2.95664)),
Segment 2: Segment_2(Point_2(6, 2), Point_2(4.62495, 2.95664)),
Path: Segment_2(Point_2(6, 3), Point_2(5, 3))
Here's Tikz output for you so you can debug it more easily. You're welcome.
\draw[black,->,>=latex] (5.62089, 2.9728) -- (4.62495, 2.95664);
\draw[black,->,>=latex] (6, 2) -- (4.62495, 2.95664);
\draw[black,->,>=latex] (6, 3) -- (5, 3);
Debug info:
vis{0,1,2} = 0, 0, 0
is1, is2 = 0, 0
uv{0,1,2} = Point_2(5.62089, 2.9728), Point_2(4.62495, 2.95664), Point_2(6, 2)
path = Point_2(6, 3) -> Point_2(5, 3)
orient2d(uv0, uv2, path[0]) = 1
orient2d(uv0, uv2, path[1]) = -1
tri_ori = 1
[1;41m*********** DEBUG OUTPUT END ***********[0m
[1;41mWarning: find_path didn't find the point where the path leaves a triangle in step 0.
*********** DEBUG OUTPUT START ***********[0m
triangle-path intersection: 0
Segment 1: Segment_2(Point_2(4.95664, 2.37505), Point_2(4.51142, 2.35676)),
Segment 2: Segment_2(Point_2(4.5, 1.5), Point_2(4.51142, 2.35676)),
Path: Segment_2(Point_2(5, 1), Point_2(5, 2))
Here's Tikz output for you so you can debug it more easily. You're welcome.
\draw[black,->,>=latex] (4.95664, 2.37505) -- (4.51142, 2.35676);
\draw[black,->,>=latex] (4.5, 1.5) -- (4.51142, 2.35676);
\draw[black,->,>=latex] (5, 1) -- (5, 2);
Debug info:
vis{0,1,2} = 0, 0, 0
is1, is2 = 0, 0
uv{0,1,2} = Point_2(4.95664, 2.37505), Point_2(4.51142, 2.35676), Point_2(4.5, 1.5)
path = Point_2(5, 1) -> Point_2(5, 2)
orient2d(uv0, uv2, path[0]) = 1
orient2d(uv0, uv2, path[1]) = 1
tri_ori = 1
[1;41m*********** DEBUG OUTPUT END ***********[0m
[1;41mWarning: find_path didn't find the point where the path leaves a triangle in step 0.
*********** DEBUG OUTPUT START ***********[0m
triangle-path intersection: 0
Segment 1: Segment_2(Point_2(6, -4), Point_2(7.24821, -3.82035)),
Segment 2: Segment_2(Point_2(7.5, -4), Point_2(7.24821, -3.82035)),
Path: Segment_2(Point_2(9, -4), Point_2(8, -4))
Here's Tikz output for you so you can debug it more easily. You're welcome.
\draw[black,->,>=latex] (6, -4) -- (7.24821, -3.82035);
\draw[black,->,>=latex] (7.5, -4) -- (7.24821, -3.82035);
\draw[black,->,>=latex] (9, -4) -- (8, -4);
Debug info:
vis{0,1,2} = 0, 0, 0
is1, is2 = 0, 0
uv{0,1,2} = Point_2(6, -4), Point_2(7.24821, -3.82035), Point_2(7.5, -4)
path = Point_2(9, -4) -> Point_2(8, -4)
orient2d(uv0, uv2, path[0]) = 0
orient2d(uv0, uv2, path[1]) = 0
tri_ori = -1
[1;41m*********** DEBUG OUTPUT END ***********[0m
[1;41mWarning: find_path didn't find the point where the path leaves a triangle in step 0.
*********** DEBUG OUTPUT START ***********[0m
triangle-path intersection: 0
Segment 1: Segment_2(Point_2(5.5, -4), Point_2(6.17965, -3.24821)),
Segment 2: Segment_2(Point_2(6, -4), Point_2(6.17965, -3.24821)),
Path: Segment_2(Point_2(3, -4), Point_2(4, -4))
Here's Tikz output for you so you can debug it more easily. You're welcome.
\draw[black,->,>=latex] (5.5, -4) -- (6.17965, -3.24821);
\draw[black,->,>=latex] (6, -4) -- (6.17965, -3.24821);
\draw[black,->,>=latex] (3, -4) -- (4, -4);
Debug info:
vis{0,1,2} = 0, 0, 0
is1, is2 = 0, 0
uv{0,1,2} = Point_2(5.5, -4), Point_2(6.17965, -3.24821), Point_2(6, -4)
path = Point_2(3, -4) -> Point_2(4, -4)
orient2d(uv0, uv2, path[0]) = 0
orient2d(uv0, uv2, path[1]) = 0
tri_ori = -1
[1;41m*********** DEBUG OUTPUT END ***********[0m
[41mWarning: When tracing from GV 213, LEI 6 I hit GV 183, LEI 1.
  However, this GV is already connected to GV 184, LEI 0[0m
[1;41mWarning: find_path didn't find the point where the path leaves a triangle in step 1.
*********** DEBUG OUTPUT START ***********[0m
triangle-path intersection: 0
Segment 1: Segment_2(Point_2(10.1266, -5.53723), Point_2(8.87341, -6.46277)),
Segment 2: Segment_2(Point_2(8.46797, -5.97563), Point_2(8.87341, -6.46277)),
Path: Segment_2(Point_2(10, -6), Point_2(10, -7))
Here's Tikz output for you so you can debug it more easily. You're welcome.
\draw[black,->,>=latex] (10.1266, -5.53723) -- (8.87341, -6.46277);
\draw[black,->,>=latex] (8.46797, -5.97563) -- (8.87341, -6.46277);
\draw[black,->,>=latex] (10, -6) -- (10, -7);
Debug info:
vis{0,1,2} = 0, 0, 0
is1, is2 = 0, 0
uv{0,1,2} = Point_2(10.1266, -5.53723), Point_2(8.87341, -6.46277), Point_2(8.46797, -5.97563)
path = Point_2(10, -6) -> Point_2(10, -7)
orient2d(uv0, uv2, path[0]) = 1
orient2d(uv0, uv2, path[1]) = 1
tri_ori = -1
[1;41m*********** DEBUG OUTPUT END ***********[0m
WARNING: Subsequence length was 3 out of 3
Entire sequence:  144 10 11
Subsequence: [0, 3)
WARNING: Subsequence length was 3 out of 3
Entire sequence:  149 16 144
Subsequence: [0, 3)
WARNING: Subsequence length was 3 out of 3
Entire sequence:  146 145 131
Subsequence: [0, 3)
Skipped 3 non-quad faces.
       Quad vertices=125 Quad faces=58
Output saved to: /root/shared-nvme/SemanPartMesh/hunyuan_final_extract/42/patches/patch_018_quad.obj

 Closed: Thu Apr 02 00:27:00 2026


[Quad Extraction]
  binary       : /root/SemanPartMesh/quad_extract/build/extract_quad_mesh
  input mesh   : /root/shared-nvme/SemanPartMesh/hunyuan_final_extract/42/patches/patch_018.obj
  cross field  : /root/shared-nvme/SemanPartMesh/hunyuan_final_extract/42/patches/patch_018_crossfield.txt
  output       : /root/shared-nvme/SemanPartMesh/hunyuan_final_extract/42/patches/patch_018_quad.obj
  gradient_size: 30.0  timeout: 1200s

[Catmull-Clark] Applying 1 iteration(s) to patch_018_quad.obj
  target_quads : 243
Traceback (most recent call last):
  File "/root/SemanPartMesh/extract_quad.py", line 824, in <module>
    main()
  File "/root/SemanPartMesh/extract_quad.py", line 768, in main
    args.gradient_size, args.timeout, args.retry, args=args)
  File "/root/SemanPartMesh/extract_quad.py", line 683, in extract_single
    maybe_apply_catmull_clark(output_path, mesh_path, args)
  File "/root/SemanPartMesh/extract_quad.py", line 431, in maybe_apply_catmull_clark
    metrics = evaluate_quad_mesh(quad_path)
  File "/root/SemanPartMesh/extract_quad.py", line 263, in evaluate_quad_mesh
    ad = compute_angle_distortion(vertices, quad_faces)
  File "/root/SemanPartMesh/eval/angle_distortion.py", line 79, in compute_angle_distortion
    angles = _quad_corner_angles(vertices, quad_faces)
  File "/root/SemanPartMesh/eval/angle_distortion.py", line 40, in _quad_corner_angles
    v_next = vertices[quad_faces[:, i_next]]
IndexError: index 359 is out of bounds for axis 0 with size 359
