[1/4] Loading mesh: /root/shared-nvme/SemanPartMesh/hunyuan_final_extract/28/patches/patch_021.obj
       V=245 F=382
[2/4] Loading cross field: /root/shared-nvme/SemanPartMesh/hunyuan_final_extract/28/patches/patch_021_crossfield.txt
       cross field rows=382
[3/4] Running MIQ parameterization (gradient_size=30, stiffness=5, iters=5)...
No vertices to fix, I am fixing the first vertex to the origin!

 INITIALIZED SPARSE MATRIX OF 572d x 572d 

 INITIALIZED SPARSE MATRIX OF 52d x 582d 

 INITIALIZED VECTOR OF 572d x 1 

 INITIALIZED VECTOR OF 52d x 1 
Initital dimension: 582 x 582, number of constraints: 52, number of integer variables: 10, use reordering: yes
make_constraints_independent took 0.00024699999999999999 s.
Constraint integration took 0.00028200000000000002 s.
Constraint elimination took 0.00047800000000000002 s.
Reindexing took 2.1000000000000002e-05 s.
eliminate_constraints took 0.00085099999999999998 s.
Eliminated dimension: 530 x 530
#nonzeros: 3386
integer variables #: 10
continuous variables #: 520
initial full solution
CHOLMOD warning: not positive definite. file: ./CHOLMOD/Cholesky/t_cholmod_rowfac_worker.c line: 433
final full solution
CHOLMOD warning: not positive definite. file: ./CHOLMOD/Cholesky/t_cholmod_rowfac_worker.c line: 433
 *** Statistics of MiSo Solver ***
Number of LOCAL iterations  = 10
Number of CG    iterations  = 10
Number of FULL  iterations  = 2
Number of ROUNDING          = 10
solve_multiple_rounding took 0.0030360000000000001 s.
solve took 0.003094 s.
restore_eliminated_vars took 8.7000000000000014e-05 s.
solve took 0.0044949999999999999 s.
ITERATION 0 FLIPS 0 
**** END OPTIMIZING #FLIPS 0  ****
       UV=286 FUV=382
MIQ UV contains NaN/Inf values.

 Closed: Thu Apr 02 00:22:52 2026


[Quad Extraction]
  binary       : /root/SemanPartMesh/quad_extract/build/extract_quad_mesh
  input mesh   : /root/shared-nvme/SemanPartMesh/hunyuan_final_extract/28/patches/patch_021.obj
  cross field  : /root/shared-nvme/SemanPartMesh/hunyuan_final_extract/28/patches/patch_021_crossfield.txt
  output       : /root/shared-nvme/SemanPartMesh/hunyuan_final_extract/28/patches/patch_021_quad.obj
  gradient_size: 30.0  timeout: 1200s

  FAILED: Command '['/root/SemanPartMesh/quad_extract/build/extract_quad_mesh', '/root/shared-nvme/SemanPartMesh/hunyuan_final_extract/28/patches/patch_021.obj', '/root/shared-nvme/SemanPartMesh/hunyuan_final_extract/28/patches/patch_021_crossfield.txt', '/root/shared-nvme/SemanPartMesh/hunyuan_final_extract/28/patches/patch_021_quad.obj', '30.0']' returned non-zero exit status 1.
FAILED for /root/shared-nvme/SemanPartMesh/hunyuan_final_extract/28/patches/patch_021.obj
