[1/4] Loading mesh: /root/shared-nvme/SemanPartMesh/hunyuan_final_extract/28/patches/patch_012.obj
       V=424 F=706
[2/4] Loading cross field: /root/shared-nvme/SemanPartMesh/hunyuan_final_extract/28/patches/patch_012_crossfield.txt
       cross field rows=706
[3/4] Running MIQ parameterization (gradient_size=30, stiffness=5, iters=5)...
No vertices to fix, I am fixing the first vertex to the origin!

 INITIALIZED SPARSE MATRIX OF 958d x 958d 

 INITIALIZED SPARSE MATRIX OF 94d x 976d 

 INITIALIZED VECTOR OF 958d x 1 

 INITIALIZED VECTOR OF 94d x 1 
Initital dimension: 976 x 976, number of constraints: 94, number of integer variables: 18, use reordering: yes
make_constraints_independent took 0.00046900000000000002 s.
Constraint integration took 0.00043100000000000001 s.
Constraint elimination took 0.00078600000000000002 s.
Reindexing took 3.1000000000000001e-05 s.
eliminate_constraints took 0.001317 s.
Eliminated dimension: 882 x 882
#nonzeros: 5694
integer variables #: 10
continuous variables #: 872
initial full solution
final full solution
 *** Statistics of MiSo Solver ***
Number of LOCAL iterations  = 4
Number of CG    iterations  = 4
Number of FULL  iterations  = 5
Number of ROUNDING          = 10
solve_multiple_rounding took 0.040405000000000003 s.
solve took 0.040460000000000003 s.
restore_eliminated_vars took 0.000127 s.
solve took 0.042574000000000001 s.
ITERATION 0 FLIPS 0 
**** END OPTIMIZING #FLIPS 0  ****
       UV=479 FUV=706
[4/4] Extracting quad mesh with libQEx...
PolyMeshT::add_face: patch re-linking failed
PolyMeshT::add_face: complex vertex
PolyMeshT::add_face: complex vertex
PolyMeshT::add_face: complex vertex
PolyMeshT::add_face: complex vertex

[Quad Extraction]
  binary       : /root/SemanPartMesh/quad_extract/build/extract_quad_mesh
  input mesh   : /root/shared-nvme/SemanPartMesh/hunyuan_final_extract/28/patches/patch_012.obj
  cross field  : /root/shared-nvme/SemanPartMesh/hunyuan_final_extract/28/patches/patch_012_crossfield.txt
  output       : /root/shared-nvme/SemanPartMesh/hunyuan_final_extract/28/patches/patch_012_quad.obj
  gradient_size: 30.0  timeout: 1200s

  FAILED: Command '['/root/SemanPartMesh/quad_extract/build/extract_quad_mesh', '/root/shared-nvme/SemanPartMesh/hunyuan_final_extract/28/patches/patch_012.obj', '/root/shared-nvme/SemanPartMesh/hunyuan_final_extract/28/patches/patch_012_crossfield.txt', '/root/shared-nvme/SemanPartMesh/hunyuan_final_extract/28/patches/patch_012_quad.obj', '30.0']' died with <Signals.SIGSEGV: 11>.
FAILED for /root/shared-nvme/SemanPartMesh/hunyuan_final_extract/28/patches/patch_012.obj
