[1/4] Loading mesh: /root/shared-nvme/SemanPartMesh/hunyuan_final_extract/28/patches/patch_035.obj
       V=155 F=246
[2/4] Loading cross field: /root/shared-nvme/SemanPartMesh/hunyuan_final_extract/28/patches/patch_035_crossfield.txt
       cross field rows=246
[3/4] Running MIQ parameterization (gradient_size=30, stiffness=5, iters=5)...
No vertices to fix, I am fixing the first vertex to the origin!

 INITIALIZED SPARSE MATRIX OF 322d x 322d 

 INITIALIZED SPARSE MATRIX OF 2d x 322d 

 INITIALIZED VECTOR OF 322d x 1 

 INITIALIZED VECTOR OF 2d x 1 
Initital dimension: 322 x 322, number of constraints: 2, number of integer variables: 0, use reordering: yes
make_constraints_independent took 0.00028899999999999998 s.
Constraint integration took 3.3000000000000003e-05 s.
Constraint elimination took 0.00026700000000000004 s.
Reindexing took 1.2e-05 s.
eliminate_constraints took 0.00037300000000000001 s.
Eliminated dimension: 320 x 320
#nonzeros: 1920
integer variables #: 0
continuous variables #: 320
CHOLMOD warning: not positive definite. file: ./CHOLMOD/Cholesky/t_cholmod_rowfac_worker.c line: 433
solve took 0.000417 s.
restore_eliminated_vars took 5.5999999999999999e-05 s.
solve took 0.0013600000000000001 s.
ITERATION 0 FLIPS 0 
**** END OPTIMIZING #FLIPS 0  ****
       UV=161 FUV=246
MIQ UV contains NaN/Inf values.

 Closed: Thu Apr 02 00:23:01 2026


[Quad Extraction]
  binary       : /root/SemanPartMesh/quad_extract/build/extract_quad_mesh
  input mesh   : /root/shared-nvme/SemanPartMesh/hunyuan_final_extract/28/patches/patch_035.obj
  cross field  : /root/shared-nvme/SemanPartMesh/hunyuan_final_extract/28/patches/patch_035_crossfield.txt
  output       : /root/shared-nvme/SemanPartMesh/hunyuan_final_extract/28/patches/patch_035_quad.obj
  gradient_size: 30.0  timeout: 1200s

  FAILED: Command '['/root/SemanPartMesh/quad_extract/build/extract_quad_mesh', '/root/shared-nvme/SemanPartMesh/hunyuan_final_extract/28/patches/patch_035.obj', '/root/shared-nvme/SemanPartMesh/hunyuan_final_extract/28/patches/patch_035_crossfield.txt', '/root/shared-nvme/SemanPartMesh/hunyuan_final_extract/28/patches/patch_035_quad.obj', '30.0']' returned non-zero exit status 1.
FAILED for /root/shared-nvme/SemanPartMesh/hunyuan_final_extract/28/patches/patch_035.obj
